// Jest Snapshot v1, https://goo.gl/fbAQLP

exports[`should render Header correctly 1`] = `
ShallowWrapper {
  "length": 1,
  Symbol(enzyme.__root__): [Circular],
  Symbol(enzyme.__unrendered__): <Header
    startLogout={[Function]}
/>,
  Symbol(enzyme.__renderer__): Object {
    "batchedUpdates": [Function],
    "getNode": [Function],
    "render": [Function],
    "simulateEvent": [Function],
    "unmount": [Function],
  },
  Symbol(enzyme.__node__): Object {
    "instance": null,
    "key": undefined,
    "nodeType": "host",
    "props": Object {
      "children": <div
        className="content-container"
>
        <div
                className="header__content"
        >
                <Link
                        className="header__title"
                        replace={false}
                        to="/dashboard"
                >
                        <h1>
                                Boilerplate
                        </h1>
                </Link>
                <button
                        className="button button--link"
                        onClick={[Function]}
                >
                        Logout
                </button>
        </div>
</div>,
      "className": "header",
    },
    "ref": null,
    "rendered": Object {
      "instance": null,
      "key": undefined,
      "nodeType": "host",
      "props": Object {
        "children": <div
          className="header__content"
>
          <Link
                    className="header__title"
                    replace={false}
                    to="/dashboard"
          >
                    <h1>
                              Boilerplate
                    </h1>
          </Link>
          <button
                    className="button button--link"
                    onClick={[Function]}
          >
                    Logout
          </button>
</div>,
        "className": "content-container",
      },
      "ref": null,
      "rendered": Object {
        "instance": null,
        "key": undefined,
        "nodeType": "host",
        "props": Object {
          "children": Array [
            <Link
              className="header__title"
              replace={false}
              to="/dashboard"
>
              <h1>
                            Boilerplate
              </h1>
</Link>,
            <button
              className="button button--link"
              onClick={[Function]}
>
              Logout
</button>,
          ],
          "className": "header__content",
        },
        "ref": null,
        "rendered": Array [
          Object {
            "instance": null,
            "key": undefined,
            "nodeType": "class",
            "props": Object {
              "children": <h1>
                Boilerplate
</h1>,
              "className": "header__title",
              "replace": false,
              "to": "/dashboard",
            },
            "ref": null,
            "rendered": Object {
              "instance": null,
              "key": undefined,
              "nodeType": "host",
              "props": Object {
                "children": "Boilerplate",
              },
              "ref": null,
              "rendered": "Boilerplate",
              "type": "h1",
            },
            "type": [Function],
          },
          Object {
            "instance": null,
            "key": undefined,
            "nodeType": "host",
            "props": Object {
              "children": "Logout",
              "className": "button button--link",
              "onClick": [Function],
            },
            "ref": null,
            "rendered": "Logout",
            "type": "button",
          },
        ],
        "type": "div",
      },
      "type": "div",
    },
    "type": "header",
  },
  Symbol(enzyme.__nodes__): Array [
    Object {
      "instance": null,
      "key": undefined,
      "nodeType": "host",
      "props": Object {
        "children": <div
          className="content-container"
>
          <div
                    className="header__content"
          >
                    <Link
                              className="header__title"
                              replace={false}
                              to="/dashboard"
                    >
                              <h1>
                                        Boilerplate
                              </h1>
                    </Link>
                    <button
                              className="button button--link"
                              onClick={[Function]}
                    >
                              Logout
                    </button>
          </div>
</div>,
        "className": "header",
      },
      "ref": null,
      "rendered": Object {
        "instance": null,
        "key": undefined,
        "nodeType": "host",
        "props": Object {
          "children": <div
            className="header__content"
>
            <Link
                        className="header__title"
                        replace={false}
                        to="/dashboard"
            >
                        <h1>
                                    Boilerplate
                        </h1>
            </Link>
            <button
                        className="button button--link"
                        onClick={[Function]}
            >
                        Logout
            </button>
</div>,
          "className": "content-container",
        },
        "ref": null,
        "rendered": Object {
          "instance": null,
          "key": undefined,
          "nodeType": "host",
          "props": Object {
            "children": Array [
              <Link
                className="header__title"
                replace={false}
                to="/dashboard"
>
                <h1>
                                Boilerplate
                </h1>
</Link>,
              <button
                className="button button--link"
                onClick={[Function]}
>
                Logout
</button>,
            ],
            "className": "header__content",
          },
          "ref": null,
          "rendered": Array [
            Object {
              "instance": null,
              "key": undefined,
              "nodeType": "class",
              "props": Object {
                "children": <h1>
                  Boilerplate
</h1>,
                "className": "header__title",
                "replace": false,
                "to": "/dashboard",
              },
              "ref": null,
              "rendered": Object {
                "instance": null,
                "key": undefined,
                "nodeType": "host",
                "props": Object {
                  "children": "Boilerplate",
                },
                "ref": null,
                "rendered": "Boilerplate",
                "type": "h1",
              },
              "type": [Function],
            },
            Object {
              "instance": null,
              "key": undefined,
              "nodeType": "host",
              "props": Object {
                "children": "Logout",
                "className": "button button--link",
                "onClick": [Function],
              },
              "ref": null,
              "rendered": "Logout",
              "type": "button",
            },
          ],
          "type": "div",
        },
        "type": "div",
      },
      "type": "header",
    },
  ],
  Symbol(enzyme.__options__): Object {
    "adapter": ReactSixteenAdapter {
      "options": Object {
        "enableComponentDidUpdateOnSetState": true,
      },
    },
  },
}
`;
